Le test fonctionne pour l'instant
Le test fonctionne jusquau bout