rs6SlineBreakBiTurbo arrivé à destination
la voiture est bonne pour la casse
le vehicule rs6SlineBreakBiTurbo est à la casse 
trotinetteNulle arrivé à destination 
le vehicule trotinetteNulle est à la casse