Le triangle est rectangle selon le théorème de Pythagore
