Les longueurs ne sont pas proportionnelles selon le théorème de Thalès.